main.c:90:6:UartPrint	16	static
main.c:95:6:LCD_Init	8	static
main.c:104:6:LCD_Data	16	static
main.c:147:6:LCD_Command	16	static
main.c:159:6:LCD_WriteChar	16	static
main.c:171:6:LCD_WriteString	24	static
main.c:188:6:resetTime	4	static
main.c:193:6:increaseTime	4	static
main.c:197:5:main	56	static
main.c:266:6:SystemClock_Config	72	static
main.c:301:13:MX_TIM2_Init	32	static
main.c:346:13:MX_USART1_UART_Init	8	static
main.c:379:13:MX_GPIO_Init	40	static
main.c:434:6:Error_Handler	4	static,ignoring_inline_asm
